// Jest Snapshot v1, https://goo.gl/fbAQLP

exports[`renders correctly 1`] = `
<div
  className="TassonomiaAutoComplete-root-1"
>
  <div
    className="TassonomiaAutoComplete-container-2"
  >
    <div
      aria-describedby={undefined}
      className="MuiFormControl-root-6 MuiFormControl-fullWidth-9"
    >
      <div
        aria-activedescendant={null}
        aria-autocomplete="list"
        aria-expanded={false}
        className="MuiInput-root-10 TassonomiaAutoComplete-inputRoot-5 MuiInput-fullWidth-17 MuiInput-formControl-11 MuiInput-underline-14"
        role="combobox"
      >
        <input
          aria-invalid={false}
          aria-required={false}
          autoComplete="off"
          autoFocus={undefined}
          className="MuiInput-input-18"
          defaultValue={undefined}
          disabled={false}
          id="integration-downshift-multiple"
          name={undefined}
          onBlur={[Function]}
          onChange={[Function]}
          onFocus={[Function]}
          onKeyDown={[Function]}
          onKeyUp={undefined}
          placeholder="Tassonomia ..."
          readOnly={undefined}
          required={undefined}
          rows={undefined}
          type="text"
          value=""
        />
      </div>
    </div>
  </div>
</div>
`;
